dmc -c -v1 -IC:\\tools\\dm\\stlport\\stlport -I.\\include glad.c 

copy .\lib\glfw3.dll .\glfw3.dll
        1 file(s) copied.
dmc -v1 -IC:\\tools\\dm\\stlport\\stlport -I.\\include main.cpp  glad.obj .\\lib\\glfw3.lib winmm.lib wsock32.lib ws2_32.lib
main.cpp:
link main+glad,,,.\\lib\\glfw3+winmm+wsock32+ws2_32+user32+kernel32/noi;


